// Jest Snapshot v1, https://goo.gl/fbAQLP

exports[`RangeConditions matches snapshot after loading current location weather 1`] = `
<div>
  <div
    class="MuiBox-root css-0"
  >
    <div
      class="MuiStack-root css-i32o1x-MuiStack-root"
    >
      <h4
        class="MuiTypography-root MuiTypography-h4 css-f84ov1-MuiTypography-root"
      >
        rangeConditions.title
      </h4>
    </div>
    <div
      class="MuiStack-root css-ykb0m-MuiStack-root"
    >
      <div
        class="MuiFormControl-root MuiFormControl-fullWidth css-ytlejw-MuiFormControl-root"
      >
        <label
          class="MuiFormLabel-root MuiInputLabel-root MuiInputLabel-formControl MuiInputLabel-animated MuiInputLabel-shrink MuiInputLabel-sizeMedium MuiInputLabel-outlined MuiFormLabel-colorPrimary MuiFormLabel-filled MuiInputLabel-root MuiInputLabel-formControl MuiInputLabel-animated MuiInputLabel-shrink MuiInputLabel-sizeMedium MuiInputLabel-outlined css-113d811-MuiFormLabel-root-MuiInputLabel-root"
          data-shrink="true"
        >
          rangeConditions.locationMethod
        </label>
        <div
          class="MuiInputBase-root MuiOutlinedInput-root MuiInputBase-colorPrimary MuiInputBase-formControl MuiSelect-root css-sc8y68-MuiInputBase-root-MuiOutlinedInput-root-MuiSelect-root"
        >
          <div
            aria-expanded="false"
            aria-haspopup="listbox"
            class="MuiSelect-select MuiSelect-outlined MuiInputBase-input MuiOutlinedInput-input css-18jp67o-MuiNativeSelect-root-MuiSelect-select-MuiInputBase-input-MuiOutlinedInput-input"
            role="combobox"
            tabindex="0"
          >
            rangeConditions.useGeolocation
          </div>
          <input
            aria-hidden="true"
            aria-invalid="false"
            class="MuiSelect-nativeInput css-j0riat-MuiSelect-nativeInput"
            tabindex="-1"
            value="geolocation"
          />
          <svg
            aria-hidden="true"
            class="MuiSvgIcon-root MuiSvgIcon-fontSizeMedium MuiSelect-icon MuiSelect-iconOutlined css-1rfqz7c-MuiSvgIcon-root-MuiNativeSelect-root-MuiSelect-icon"
            data-testid="ArrowDropDownIcon"
            focusable="false"
            viewBox="0 0 24 24"
          >
            <path
              d="M7 10l5 5 5-5z"
            />
          </svg>
          <fieldset
            aria-hidden="true"
            class="MuiOutlinedInput-notchedOutline css-18p5xg2-MuiNotchedOutlined-root-MuiOutlinedInput-notchedOutline"
          >
            <legend
              class="css-ex8a5f-MuiNotchedOutlined-root"
            >
              <span>
                rangeConditions.locationMethod
              </span>
            </legend>
          </fieldset>
        </div>
      </div>
    </div>
    <div
      class="MuiPaper-root MuiPaper-elevation MuiPaper-rounded MuiPaper-elevation1 MuiCard-root css-1j74uew-MuiPaper-root-MuiCard-root"
      style="--Paper-shadow: 0px 2px 1px -1px rgba(0,0,0,0.2),0px 1px 1px 0px rgba(0,0,0,0.14),0px 1px 3px 0px rgba(0,0,0,0.12);"
    >
      <div
        class="MuiCardContent-root css-1lt5qva-MuiCardContent-root"
      >
        <div
          class="MuiStack-root css-1sazv7p-MuiStack-root"
        >
          <h6
            class="MuiTypography-root MuiTypography-h6 css-1miy0lu-MuiTypography-root"
          >
            Current Location
          </h6>
          <span
            class="MuiTypography-root MuiTypography-caption css-1jkzbat-MuiTypography-root"
          >
            rangeConditions.lastUpdated
            : 
            10:00 AM
          </span>
          <div
            class="MuiBox-root css-f8arnd"
          >
            <div
              class="MuiBox-root css-0"
            >
              <p
                class="MuiTypography-root MuiTypography-body2 css-1a1whku-MuiTypography-root"
              >
                rangeConditions.temperature
              </p>
              <h6
                class="MuiTypography-root MuiTypography-h6 css-1miy0lu-MuiTypography-root"
              >
                72
                °
                F
              </h6>
            </div>
            <div
              class="MuiBox-root css-0"
            >
              <p
                class="MuiTypography-root MuiTypography-body2 css-1a1whku-MuiTypography-root"
              >
                rangeConditions.humidity
              </p>
              <h6
                class="MuiTypography-root MuiTypography-h6 css-1miy0lu-MuiTypography-root"
              >
                50
                %
              </h6>
            </div>
            <div
              class="MuiBox-root css-0"
            >
              <p
                class="MuiTypography-root MuiTypography-body2 css-1a1whku-MuiTypography-root"
              >
                rangeConditions.condition
              </p>
              <h6
                class="MuiTypography-root MuiTypography-h6 css-1miy0lu-MuiTypography-root"
              >
                Sunny
              </h6>
            </div>
            <div
              class="MuiBox-root css-0"
            >
              <p
                class="MuiTypography-root MuiTypography-body2 css-1a1whku-MuiTypography-root"
              >
                rangeConditions.windSpeed
              </p>
              <h6
                class="MuiTypography-root MuiTypography-h6 css-1miy0lu-MuiTypography-root"
              >
                4
                 
                rangeConditions.mph
              </h6>
            </div>
            <div
              class="MuiBox-root css-0"
            >
              <p
                class="MuiTypography-root MuiTypography-body2 css-1a1whku-MuiTypography-root"
              >
                rangeConditions.windDirection
              </p>
              <h6
                class="MuiTypography-root MuiTypography-h6 css-1miy0lu-MuiTypography-root"
              >
                N
              </h6>
            </div>
            <div
              class="MuiBox-root css-0"
            >
              <p
                class="MuiTypography-root MuiTypography-body2 css-1a1whku-MuiTypography-root"
              >
                rangeConditions.elevation
              </p>
              <h6
                class="MuiTypography-root MuiTypography-h6 css-1miy0lu-MuiTypography-root"
              >
                594
                 
                units.feet
              </h6>
            </div>
            <div
              class="MuiBox-root css-0"
            >
              <p
                class="MuiTypography-root MuiTypography-body2 css-1a1whku-MuiTypography-root"
              >
                rangeConditions.pressure
              </p>
              <h6
                class="MuiTypography-root MuiTypography-h6 css-1miy0lu-MuiTypography-root"
              >
                1012
                 mb
              </h6>
            </div>
          </div>
        </div>
      </div>
    </div>
  </div>
</div>
`;
